[aiter] import [module_aiter_core] under /app/aiter-test/aiter/jit/module_aiter_core.so
Not exist tuned file: /tmp/e040_bpreshuffle_qproj_tuned.csv
      gfx  cu_num  M     N     K
0  gfx942     304  1  1024  4096
Compare candidate CSV will be written to /tmp/aiter_compare/e040_bpreshuffle_qproj_tuned.42006.candidate.csv
=== Running pre-tune benchmark (batch 1/1) ===
[aiter] merge tuned file under model_configs/ and configs/ /app/aiter-test/aiter/configs/a8w8_blockscale_bpreshuffle_tuned_gemm.csv:/app/aiter-test/aiter/configs/model_configs/a8w8_blockscale_bpreshuffle_tuned_gemm_dsv3.csv:/app/aiter-test/aiter/configs/model_configs/a8w8_blockscale_bpreshuffle_tuned_gemm_qwen3.5_397b.csv:/app/aiter-test/aiter/configs/model_configs/dsv4_a8w8_blockscale_bpreshuffle_tuned_gemm.csv:/app/aiter-test/aiter/configs/model_configs/a8w8_blockscale_bpreshuffle_tuned_gemm_mm2.5.csv:/app/aiter-test/aiter/configs/model_configs/glm5_a8w8_blockscale_bpreshuffle_tuned_gemm.csv:/app/aiter-test/aiter/configs/model_configs/a8w8_blockscale_bpreshuffle_tuned_gemm_glm5.2.csv:/app/aiter-test/aiter/configs/model_configs/a8w8_blockscale_bpreshuffle_tuned_gemm_qwen3_235b.csv
[aiter] shape is M:1, N:1024, K:4096, not found tuned config in /tmp/aiter_configs/a8w8_blockscale_bpreshuffle_tuned_gemm.csv, will use default config!
[aiter] import [module_gemm_a8w8_blockscale_bpreshuffle] under /app/aiter-test/aiter/jit/module_gemm_a8w8_blockscale_bpreshuffle.so
/opt/venv/lib/python3.12/site-packages/torch/profiler/profiler.py:217: UserWarning: Warning: Profiler clears events at the end of each cycle.Only events from the current cycle will be reported.To keep events across cycles, set acc_events=True.
  _warn_once(
[W803 10:45:53.596946513 collection.cpp:1148] Warning: ROCTracer produced duplicate flow start: 15 (function operator())
[aiter] run_config (1, 1024, 4096)[checkAllclose atol=0.01 rtol=0.01 [32mpassed~[0m]
Distributing 33 task groups across 8 GPUs
[aiter] import [module_aiter_core] under /app/aiter-test/aiter/jit/module_aiter_core.so
[aiter] import [module_aiter_core] under /app/aiter-test/aiter/jit/module_aiter_core.so
[aiter] import [module_aiter_core] under /app/aiter-test/aiter/jit/module_aiter_core.so
[aiter] import [module_aiter_core] under /app/aiter-test/aiter/jit/module_aiter_core.so
[aiter] import [module_aiter_core] under /app/aiter-test/aiter/jit/module_aiter_core.so
[aiter] import [module_aiter_core] under /app/aiter-test/aiter/jit/module_aiter_core.so
[aiter] import [module_aiter_core] under /app/aiter-test/aiter/jit/module_aiter_core.so
[aiter] import [module_aiter_core] under /app/aiter-test/aiter/jit/module_aiter_core.so
[aiter] import [module_gemm_a8w8_blockscale_bpreshuffle_tune] under /app/aiter-test/aiter/jit/module_gemm_a8w8_blockscale_bpreshuffle_tune.so
[aiter] import [module_gemm_a8w8_blockscale_bpreshuffle_tune] under /app/aiter-test/aiter/jit/module_gemm_a8w8_blockscale_bpreshuffle_tune.so
/opt/venv/lib/python3.12/site-packages/torch/profiler/profiler.py:217: UserWarning: Warning: Profiler clears events at the end of each cycle.Only events from the current cycle will be reported.To keep events across cycles, set acc_events=True.
  _warn_once(
/opt/venv/lib/python3.12/site-packages/torch/profiler/profiler.py:217: UserWarning: Warning: Profiler clears events at the end of each cycle.Only events from the current cycle will be reported.To keep events across cycles, set acc_events=True.
  _warn_once(
[W803 10:46:03.274864113 collection.cpp:1148] Warning: ROCTracer produced duplicate flow start: 15 (function operator())
[W803 10:46:03.276108828 collection.cpp:1148] Warning: ROCTracer produced duplicate flow start: 15 (function operator())
[aiter] import [module_gemm_a8w8_blockscale_bpreshuffle_tune] under /app/aiter-test/aiter/jit/module_gemm_a8w8_blockscale_bpreshuffle_tune.so
/opt/venv/lib/python3.12/site-packages/torch/profiler/profiler.py:217: UserWarning: Warning: Profiler clears events at the end of each cycle.Only events from the current cycle will be reported.To keep events across cycles, set acc_events=True.
  _warn_once(
[W803 10:46:03.307701238 collection.cpp:1148] Warning: ROCTracer produced duplicate flow start: 15 (function operator())
[aiter] import [module_gemm_a8w8_blockscale_bpreshuffle_tune] under /app/aiter-test/aiter/jit/module_gemm_a8w8_blockscale_bpreshuffle_tune.so
[aiter] import [module_gemm_a8w8_blockscale_bpreshuffle_tune] under /app/aiter-test/aiter/jit/module_gemm_a8w8_blockscale_bpreshuffle_tune.so
/opt/venv/lib/python3.12/site-packages/torch/profiler/profiler.py:217: UserWarning: Warning: Profiler clears events at the end of each cycle.Only events from the current cycle will be reported.To keep events across cycles, set acc_events=True.
  _warn_once(
/opt/venv/lib/python3.12/site-packages/torch/profiler/profiler.py:217: UserWarning: Warning: Profiler clears events at the end of each cycle.Only events from the current cycle will be reported.To keep events across cycles, set acc_events=True.
  _warn_once(
[W803 10:46:03.320972408 collection.cpp:1148] Warning: ROCTracer produced duplicate flow start: 15 (function operator())
[W803 10:46:03.322676288 collection.cpp:1148] Warning: ROCTracer produced duplicate flow start: 15 (function operator())
[aiter] import [module_gemm_a8w8_blockscale_bpreshuffle_tune] under /app/aiter-test/aiter/jit/module_gemm_a8w8_blockscale_bpreshuffle_tune.so
[aiter] import [module_gemm_a8w8_blockscale_bpreshuffle_tune] under /app/aiter-test/aiter/jit/module_gemm_a8w8_blockscale_bpreshuffle_tune.so
[aiter] import [module_gemm_a8w8_blockscale_bpreshuffle_tune] under /app/aiter-test/aiter/jit/module_gemm_a8w8_blockscale_bpreshuffle_tune.so
/opt/venv/lib/python3.12/site-packages/torch/profiler/profiler.py:217: UserWarning: Warning: Profiler clears events at the end of each cycle.Only events from the current cycle will be reported.To keep events across cycles, set acc_events=True.
  _warn_once(
/opt/venv/lib/python3.12/site-packages/torch/profiler/profiler.py:217: UserWarning: Warning: Profiler clears events at the end of each cycle.Only events from the current cycle will be reported.To keep events across cycles, set acc_events=True.
  _warn_once(
[W803 10:46:03.343302960 collection.cpp:1148] Warning: ROCTracer produced duplicate flow start: 15 (function operator())
/opt/venv/lib/python3.12/site-packages/torch/profiler/profiler.py:217: UserWarning: Warning: Profiler clears events at the end of each cycle.Only events from the current cycle will be reported.To keep events across cycles, set acc_events=True.
  _warn_once(
[W803 10:46:03.345856199 collection.cpp:1148] Warning: ROCTracer produced duplicate flow start: 15 (function operator())
[W803 10:46:03.345970157 collection.cpp:1148] Warning: ROCTracer produced duplicate flow start: 15 (function operator())
[aiter] [pid=42254 pname=SpawnPoolWorker-4] waiting for baton release at /app/aiter-test/aiter/jit/build/lock_module_gemm_a8w8_blockscale_bpreshuffle_cktile_tune
[aiter] [pid=42251 pname=SpawnPoolWorker-1] waiting for baton release at /app/aiter-test/aiter/jit/build/lock_module_gemm_a8w8_blockscale_bpreshuffle_cktile_tune
[aiter] [pid=42256 pname=SpawnPoolWorker-6] waiting for baton release at /app/aiter-test/aiter/jit/build/lock_module_gemm_a8w8_blockscale_bpreshuffle_cktile_tune
[aiter] [pid=42255 pname=SpawnPoolWorker-5] waiting for baton release at /app/aiter-test/aiter/jit/build/lock_module_gemm_a8w8_blockscale_bpreshuffle_cktile_tune
[aiter] [pid=42252 pname=SpawnPoolWorker-2] waiting for baton release at /app/aiter-test/aiter/jit/build/lock_module_gemm_a8w8_blockscale_bpreshuffle_cktile_tune
[aiter] [pid=42253 pname=SpawnPoolWorker-3] waiting for baton release at /app/aiter-test/aiter/jit/build/lock_module_gemm_a8w8_blockscale_bpreshuffle_cktile_tune
[aiter] [pid=42257 pname=SpawnPoolWorker-7] waiting for baton release at /app/aiter-test/aiter/jit/build/lock_module_gemm_a8w8_blockscale_bpreshuffle_cktile_tune
[aiter] [pid=42258 pname=SpawnPoolWorker-8] waiting for baton release at /app/aiter-test/aiter/jit/build/lock_module_gemm_a8w8_blockscale_bpreshuffle_cktile_tune
[aiter] import [module_gemm_a8w8_blockscale_bpreshuffle_cktile_tune] under /app/aiter-test/aiter/jit/module_gemm_a8w8_blockscale_bpreshuffle_cktile_tune.so
[aiter] LoadKernel: _ZN5aiter42fp8gemm_bf16_blockscale_BpreShuffle_32x128E hsaco: /app/aiter-test/hsa//gfx942/fp8gemm_blockscale/fp8gemm_bf16_blockscale_BpreShuffle_32x128.co
[aiter] import [module_gemm_a8w8_blockscale_bpreshuffle_cktile_tune] under /app/aiter-test/aiter/jit/module_gemm_a8w8_blockscale_bpreshuffle_cktile_tune.so
[aiter] import [module_gemm_a8w8_blockscale_bpreshuffle_cktile_tune] under /app/aiter-test/aiter/jit/module_gemm_a8w8_blockscale_bpreshuffle_cktile_tune.so
[aiter] import [module_gemm_a8w8_blockscale_bpreshuffle_cktile_tune] under /app/aiter-test/aiter/jit/module_gemm_a8w8_blockscale_bpreshuffle_cktile_tune.so
[aiter] import [module_gemm_a8w8_blockscale_bpreshuffle_cktile_tune] under /app/aiter-test/aiter/jit/module_gemm_a8w8_blockscale_bpreshuffle_cktile_tune.so
[aiter] import [module_gemm_a8w8_blockscale_bpreshuffle_cktile_tune] under /app/aiter-test/aiter/jit/module_gemm_a8w8_blockscale_bpreshuffle_cktile_tune.so
[aiter] LoadKernel: _ZN5aiter42fp8gemm_bf16_blockscale_BpreShuffle_48x128E hsaco: /app/aiter-test/hsa//gfx942/fp8gemm_blockscale/fp8gemm_bf16_blockscale_BpreShuffle_48x128.co
[aiter] import [module_gemm_a8w8_blockscale_bpreshuffle_cktile_tune] under /app/aiter-test/aiter/jit/module_gemm_a8w8_blockscale_bpreshuffle_cktile_tune.so
[aiter] LoadKernel: _ZN5aiter42fp8gemm_bf16_blockscale_BpreShuffle_64x128E hsaco: /app/aiter-test/hsa//gfx942/fp8gemm_blockscale/fp8gemm_bf16_blockscale_BpreShuffle_64x128.co
[aiter] import [module_gemm_a8w8_blockscale_bpreshuffle_cktile_tune] under /app/aiter-test/aiter/jit/module_gemm_a8w8_blockscale_bpreshuffle_cktile_tune.so
[aiter] LoadKernel: _ZN5aiter42fp8gemm_bf16_blockscale_BpreShuffle_80x128E hsaco: /app/aiter-test/hsa//gfx942/fp8gemm_blockscale/fp8gemm_bf16_blockscale_BpreShuffle_80x128.co
[aiter] LoadKernel: _ZN5aiter42fp8gemm_bf16_blockscale_BpreShuffle_96x128E hsaco: /app/aiter-test/hsa//gfx942/fp8gemm_blockscale/fp8gemm_bf16_blockscale_BpreShuffle_96x128.co
[aiter] LoadKernel: _ZN5aiter43fp8gemm_bf16_blockscale_BpreShuffle_128x128E hsaco: /app/aiter-test/hsa//gfx942/fp8gemm_blockscale/fp8gemm_bf16_blockscale_BpreShuffle_128x128.co
[aiter] import [module_deepgemm_opus] under /app/aiter-test/aiter/jit/module_deepgemm_opus.so
[aiter] type hints mismatch, override to --> opus_gemm_a8w8_blockscale_bpreshuffle_tune(XQ: aiter_tensor_t, WQ: aiter_tensor_t, x_scale: Optional[aiter_tensor_t], w_scale: Optional[aiter_tensor_t], Y: aiter_tensor_t, kernelId: int) -> None
/app/aiter-test/aiter/utility/base_tuner.py:1662: FutureWarning: The behavior of DataFrame concatenation with empty or all-NA entries is deprecated. In a future version, this will no longer exclude empty or all-NA columns when determining the result dtypes. To retain the old behavior, exclude the relevant entries before the concat operation.
  self.success = pd.concat(
/app/aiter-test/aiter/utility/base_tuner.py:442: FutureWarning: The behavior of DataFrame concatenation with empty or all-NA entries is deprecated. In a future version, this will no longer exclude empty or all-NA columns when determining the result dtypes. To retain the old behavior, exclude the relevant entries before the concat operation.
  df_old = pd.concat([df_old, unmatched_rows], ignore_index=True)
Waiting for 33 tasks to complete (no timeout limit)...
Tuning result for 'gfx': 'gfx942', 'cu_num': 304, 'M': np.int64(1), 'N': np.int64(1024), 'K': np.int64(4096) is kernelId=7 a8w8_blockscale_bpreshuffle_1x128x128_256x16x64x256_16x16_16x16_16x16x1_16x16x1_1x16x1x16_4_1x1_intrawave_v1 splitK=0, 8.5273us, err_ratio=0.0, tflops=0.98 TFLOPS, bw=492.59 GB/s
=== Running post-tune benchmark (verification) for batch 1/1 ===
[aiter] Setting AITER_CONFIG_GEMM_A8W8_BLOCKSCALE_BPRESHUFFLE=/tmp/aiter_compare/GemmA8W8BlockScaleTuner_compare_batch_1_42006.csv for benchmark
[aiter] [pid=42006 pname=MainProcess] start build [module_gemm_a8w8_blockscale_bpreshuffle] under /app/aiter-test/aiter/jit/build/module_gemm_a8w8_blockscale_bpreshuffle
[aiter] Current hipcc not support: -mllvm -amdgpu-coerce-illegal-types=1, skip it.
[aiter] [pid=42006 pname=MainProcess] [32mfinish build [module_gemm_a8w8_blockscale_bpreshuffle], cost 34.6s [0m
[aiter] import [module_gemm_a8w8_blockscale_bpreshuffle] under /app/aiter-test/aiter/jit/module_gemm_a8w8_blockscale_bpreshuffle.so
[aiter] run_config (1, 1024, 4096)[checkAllclose atol=0.01 rtol=0.01 [32mpassed~[0m]
[aiter] processed 1 batches of 1, Processing Status ====> 100.0% tuned in GemmA8W8BlockScaleTuner
[aiter] ============= Tuning results Summary: ==============
/app/aiter-test/aiter/utility/base_tuner.py:534: FutureWarning: The behavior of DataFrame concatenation with empty or all-NA entries is deprecated. In a future version, this will no longer exclude empty or all-NA columns when determining the result dtypes. To retain the old behavior, exclude the relevant entries before the concat operation.
  tunedf = pd.concat([self.success, self.failed])
[aiter] Tuning Finished. tune 1 shapes, total tuning time is 154.3196 seconds
[aiter] Successfully tuned shapes:
      gfx cu_num  M  ... tflops      bw errRatio
0  gfx942    304  1  ...   0.98  492.59      0.0

[1 rows x 13 columns]
[aiter] Failed shapes:
Empty DataFrame
Columns: [gfx, cu_num, M, N, K, libtype, kernelId, splitK, us, kernelName, tflops, bw, errRatio]
Index: []
============= Tune Performance Comparison =============
Shape                                    |   Pre-E2E(us) |   Post-E2E(us) |  Speedup |   Status
-----------------------------------------------------------------------------------------------
(1, 1024, 4096)                          |         17.79 |           8.15 |    2.18x |       OK
keys: gfx=gfx942, cu_num=304, M=1, N=1024, K=4096
============= Compare Report =============
Total shapes: 1 | Would update: 1 (improved: 1, new: 0) | Skipped: 0
Threshold: >= 3.0% improvement to update /tmp/e040_bpreshuffle_qproj_tuned.csv

--- Would update (1 shapes) ---
Shape                                    |    Pre(us) |   Post(us) |   Improve |             Action
---------------------------------------------------------------------------------------------------
(1, 1024, 4096)                          |      17.79 |       8.15 |    54.15% |             UPDATE


Re-run with --update_improved to apply.
Compare candidate CSV written to /tmp/aiter_compare/e040_bpreshuffle_qproj_tuned.42006.candidate.csv
Final tuned CSV was not updated. Re-run with --update_improved to apply improved shapes.
