[aiter] import [module_aiter_core] under /app/aiter-test/aiter/jit/module_aiter_core.so
Not exist tuned file: /work/experiments/e046_bpreshuffle_tuned.csv
      gfx  cu_num  M     N     K
0  gfx942     304  8  4096  4096
Compare candidate CSV will be written to /tmp/aiter_compare/e046_bpreshuffle_tuned.1.candidate.csv
=== Running pre-tune benchmark (batch 1/1) ===
[aiter] merge tuned file under model_configs/ and configs/ /app/aiter-test/aiter/configs/a8w8_blockscale_bpreshuffle_tuned_gemm.csv:/app/aiter-test/aiter/configs/model_configs/a8w8_blockscale_bpreshuffle_tuned_gemm_dsv3.csv:/app/aiter-test/aiter/configs/model_configs/a8w8_blockscale_bpreshuffle_tuned_gemm_qwen3.5_397b.csv:/app/aiter-test/aiter/configs/model_configs/dsv4_a8w8_blockscale_bpreshuffle_tuned_gemm.csv:/app/aiter-test/aiter/configs/model_configs/a8w8_blockscale_bpreshuffle_tuned_gemm_mm2.5.csv:/app/aiter-test/aiter/configs/model_configs/glm5_a8w8_blockscale_bpreshuffle_tuned_gemm.csv:/app/aiter-test/aiter/configs/model_configs/a8w8_blockscale_bpreshuffle_tuned_gemm_glm5.2.csv:/app/aiter-test/aiter/configs/model_configs/a8w8_blockscale_bpreshuffle_tuned_gemm_qwen3_235b.csv
[aiter] shape is M:8, N:4096, K:4096, not found tuned config in /tmp/aiter_configs/a8w8_blockscale_bpreshuffle_tuned_gemm.csv, will use default config!
[aiter] import [module_gemm_a8w8_blockscale_bpreshuffle] under /app/aiter-test/aiter/jit/module_gemm_a8w8_blockscale_bpreshuffle.so
/opt/venv/lib/python3.12/site-packages/torch/profiler/profiler.py:217: UserWarning: Warning: Profiler clears events at the end of each cycle.Only events from the current cycle will be reported.To keep events across cycles, set acc_events=True.
  _warn_once(
[W803 11:39:47.235382851 collection.cpp:1148] Warning: ROCTracer produced duplicate flow start: 15 (function operator())
[aiter] run_config (8, 4096, 4096)[checkAllclose atol=0.01 rtol=0.01 [32mpassed~[0m]
Distributing 33 task groups across 8 GPUs
[aiter] import [module_aiter_core] under /app/aiter-test/aiter/jit/module_aiter_core.so
[aiter] import [module_aiter_core] under /app/aiter-test/aiter/jit/module_aiter_core.so
[aiter] import [module_aiter_core] under /app/aiter-test/aiter/jit/module_aiter_core.so
[aiter] import [module_aiter_core] under /app/aiter-test/aiter/jit/module_aiter_core.so
[aiter] import [module_aiter_core] under /app/aiter-test/aiter/jit/module_aiter_core.so
[aiter] import [module_aiter_core] under /app/aiter-test/aiter/jit/module_aiter_core.so
[aiter] import [module_aiter_core] under /app/aiter-test/aiter/jit/module_aiter_core.so
[aiter] import [module_aiter_core] under /app/aiter-test/aiter/jit/module_aiter_core.so
[aiter] [pid=109 pname=SpawnPoolWorker-1] start build [module_gemm_a8w8_blockscale_bpreshuffle_tune] under /app/aiter-test/aiter/jit/build/module_gemm_a8w8_blockscale_bpreshuffle_tune
[aiter] [pid=113 pname=SpawnPoolWorker-5] waiting for baton release at /app/aiter-test/aiter/jit/build/lock_module_gemm_a8w8_blockscale_bpreshuffle_tune
[aiter] [pid=110 pname=SpawnPoolWorker-2] waiting for baton release at /app/aiter-test/aiter/jit/build/lock_module_gemm_a8w8_blockscale_bpreshuffle_tune
[aiter] [pid=115 pname=SpawnPoolWorker-7] waiting for baton release at /app/aiter-test/aiter/jit/build/lock_module_gemm_a8w8_blockscale_bpreshuffle_tune
[aiter] [pid=114 pname=SpawnPoolWorker-6] waiting for baton release at /app/aiter-test/aiter/jit/build/lock_module_gemm_a8w8_blockscale_bpreshuffle_tune
[aiter] [pid=112 pname=SpawnPoolWorker-4] waiting for baton release at /app/aiter-test/aiter/jit/build/lock_module_gemm_a8w8_blockscale_bpreshuffle_tune
[aiter] [pid=111 pname=SpawnPoolWorker-3] waiting for baton release at /app/aiter-test/aiter/jit/build/lock_module_gemm_a8w8_blockscale_bpreshuffle_tune
[aiter] [pid=116 pname=SpawnPoolWorker-8] waiting for baton release at /app/aiter-test/aiter/jit/build/lock_module_gemm_a8w8_blockscale_bpreshuffle_tune
[aiter] Current hipcc not support: -mllvm -amdgpu-coerce-illegal-types=1, skip it.
[aiter] [pid=109 pname=SpawnPoolWorker-1] [32mfinish build [module_gemm_a8w8_blockscale_bpreshuffle_tune], cost 46.8s [0m
[aiter] import [module_gemm_a8w8_blockscale_bpreshuffle_tune] under /app/aiter-test/aiter/jit/module_gemm_a8w8_blockscale_bpreshuffle_tune.so
/opt/venv/lib/python3.12/site-packages/torch/profiler/profiler.py:217: UserWarning: Warning: Profiler clears events at the end of each cycle.Only events from the current cycle will be reported.To keep events across cycles, set acc_events=True.
  _warn_once(
[W803 11:40:44.176313740 collection.cpp:1148] Warning: ROCTracer produced duplicate flow start: 15 (function operator())
[aiter] import [module_gemm_a8w8_blockscale_bpreshuffle_tune] under /app/aiter-test/aiter/jit/module_gemm_a8w8_blockscale_bpreshuffle_tune.so
[aiter] import [module_gemm_a8w8_blockscale_bpreshuffle_tune] under /app/aiter-test/aiter/jit/module_gemm_a8w8_blockscale_bpreshuffle_tune.so
[aiter] import [module_gemm_a8w8_blockscale_bpreshuffle_tune] under /app/aiter-test/aiter/jit/module_gemm_a8w8_blockscale_bpreshuffle_tune.so
/opt/venv/lib/python3.12/site-packages/torch/profiler/profiler.py:217: UserWarning: Warning: Profiler clears events at the end of each cycle.Only events from the current cycle will be reported.To keep events across cycles, set acc_events=True.
  _warn_once(
[aiter] import [module_gemm_a8w8_blockscale_bpreshuffle_tune] under /app/aiter-test/aiter/jit/module_gemm_a8w8_blockscale_bpreshuffle_tune.so
[aiter] import [module_gemm_a8w8_blockscale_bpreshuffle_tune] under /app/aiter-test/aiter/jit/module_gemm_a8w8_blockscale_bpreshuffle_tune.so
/opt/venv/lib/python3.12/site-packages/torch/profiler/profiler.py:217: UserWarning: Warning: Profiler clears events at the end of each cycle.Only events from the current cycle will be reported.To keep events across cycles, set acc_events=True.
  _warn_once(
[W803 11:40:44.222344176 collection.cpp:1148] Warning: ROCTracer produced duplicate flow start: 15 (function operator())
[aiter] import [module_gemm_a8w8_blockscale_bpreshuffle_tune] under /app/aiter-test/aiter/jit/module_gemm_a8w8_blockscale_bpreshuffle_tune.so
/opt/venv/lib/python3.12/site-packages/torch/profiler/profiler.py:217: UserWarning: Warning: Profiler clears events at the end of each cycle.Only events from the current cycle will be reported.To keep events across cycles, set acc_events=True.
  _warn_once(
[W803 11:40:44.230732411 collection.cpp:1148] Warning: ROCTracer produced duplicate flow start: 15 (function operator())
/opt/venv/lib/python3.12/site-packages/torch/profiler/profiler.py:217: UserWarning: Warning: Profiler clears events at the end of each cycle.Only events from the current cycle will be reported.To keep events across cycles, set acc_events=True.
  _warn_once(
/opt/venv/lib/python3.12/site-packages/torch/profiler/profiler.py:217: UserWarning: Warning: Profiler clears events at the end of each cycle.Only events from the current cycle will be reported.To keep events across cycles, set acc_events=True.
  _warn_once(
[W803 11:40:44.243781981 collection.cpp:1148] Warning: ROCTracer produced duplicate flow start: 15 (function operator())
[W803 11:40:44.252382985 collection.cpp:1148] Warning: ROCTracer produced duplicate flow start: 15 (function operator())
[W803 11:40:44.252495494 collection.cpp:1148] Warning: ROCTracer produced duplicate flow start: 15 (function operator())
/opt/venv/lib/python3.12/site-packages/torch/profiler/profiler.py:217: UserWarning: Warning: Profiler clears events at the end of each cycle.Only events from the current cycle will be reported.To keep events across cycles, set acc_events=True.
  _warn_once(
[W803 11:40:44.271393458 collection.cpp:1148] Warning: ROCTracer produced duplicate flow start: 15 (function operator())
[aiter] import [module_gemm_a8w8_blockscale_bpreshuffle_tune] under /app/aiter-test/aiter/jit/module_gemm_a8w8_blockscale_bpreshuffle_tune.so
/opt/venv/lib/python3.12/site-packages/torch/profiler/profiler.py:217: UserWarning: Warning: Profiler clears events at the end of each cycle.Only events from the current cycle will be reported.To keep events across cycles, set acc_events=True.
  _warn_once(
[W803 11:40:44.366327068 collection.cpp:1148] Warning: ROCTracer produced duplicate flow start: 15 (function operator())
[aiter] [pid=115 pname=SpawnPoolWorker-7] start build [module_gemm_a8w8_blockscale_bpreshuffle_cktile_tune] under /app/aiter-test/aiter/jit/build/module_gemm_a8w8_blockscale_bpreshuffle_cktile_tune
[aiter] [pid=112 pname=SpawnPoolWorker-4] waiting for baton release at /app/aiter-test/aiter/jit/build/lock_module_gemm_a8w8_blockscale_bpreshuffle_cktile_tune
[aiter] [pid=116 pname=SpawnPoolWorker-8] waiting for baton release at /app/aiter-test/aiter/jit/build/lock_module_gemm_a8w8_blockscale_bpreshuffle_cktile_tune
[aiter] [pid=111 pname=SpawnPoolWorker-3] waiting for baton release at /app/aiter-test/aiter/jit/build/lock_module_gemm_a8w8_blockscale_bpreshuffle_cktile_tune
[aiter] [pid=113 pname=SpawnPoolWorker-5] waiting for baton release at /app/aiter-test/aiter/jit/build/lock_module_gemm_a8w8_blockscale_bpreshuffle_cktile_tune
[aiter] [pid=109 pname=SpawnPoolWorker-1] waiting for baton release at /app/aiter-test/aiter/jit/build/lock_module_gemm_a8w8_blockscale_bpreshuffle_cktile_tune
[aiter] [pid=110 pname=SpawnPoolWorker-2] waiting for baton release at /app/aiter-test/aiter/jit/build/lock_module_gemm_a8w8_blockscale_bpreshuffle_cktile_tune
[aiter] [pid=114 pname=SpawnPoolWorker-6] waiting for baton release at /app/aiter-test/aiter/jit/build/lock_module_gemm_a8w8_blockscale_bpreshuffle_cktile_tune
[aiter] Current hipcc not support: -mllvm -amdgpu-coerce-illegal-types=1, skip it.
[aiter] [pid=115 pname=SpawnPoolWorker-7] [32mfinish build [module_gemm_a8w8_blockscale_bpreshuffle_cktile_tune], cost 125.1s [0m
[aiter] import [module_gemm_a8w8_blockscale_bpreshuffle_cktile_tune] under /app/aiter-test/aiter/jit/module_gemm_a8w8_blockscale_bpreshuffle_cktile_tune.so
[aiter] import [module_gemm_a8w8_blockscale_bpreshuffle_cktile_tune] under /app/aiter-test/aiter/jit/module_gemm_a8w8_blockscale_bpreshuffle_cktile_tune.so
[aiter] import [module_gemm_a8w8_blockscale_bpreshuffle_cktile_tune] under /app/aiter-test/aiter/jit/module_gemm_a8w8_blockscale_bpreshuffle_cktile_tune.so
[aiter] import [module_gemm_a8w8_blockscale_bpreshuffle_cktile_tune] under /app/aiter-test/aiter/jit/module_gemm_a8w8_blockscale_bpreshuffle_cktile_tune.so
[aiter] import [module_gemm_a8w8_blockscale_bpreshuffle_cktile_tune] under /app/aiter-test/aiter/jit/module_gemm_a8w8_blockscale_bpreshuffle_cktile_tune.so
[aiter] import [module_gemm_a8w8_blockscale_bpreshuffle_cktile_tune] under /app/aiter-test/aiter/jit/module_gemm_a8w8_blockscale_bpreshuffle_cktile_tune.so
[aiter] import [module_gemm_a8w8_blockscale_bpreshuffle_cktile_tune] under /app/aiter-test/aiter/jit/module_gemm_a8w8_blockscale_bpreshuffle_cktile_tune.so
[aiter] import [module_gemm_a8w8_blockscale_bpreshuffle_cktile_tune] under /app/aiter-test/aiter/jit/module_gemm_a8w8_blockscale_bpreshuffle_cktile_tune.so
[aiter] LoadKernel: _ZN5aiter42fp8gemm_bf16_blockscale_BpreShuffle_32x128E hsaco: /app/aiter-test/hsa//gfx942/fp8gemm_blockscale/fp8gemm_bf16_blockscale_BpreShuffle_32x128.co
[aiter] LoadKernel: _ZN5aiter42fp8gemm_bf16_blockscale_BpreShuffle_48x128E hsaco: /app/aiter-test/hsa//gfx942/fp8gemm_blockscale/fp8gemm_bf16_blockscale_BpreShuffle_48x128.co
[aiter] LoadKernel: _ZN5aiter42fp8gemm_bf16_blockscale_BpreShuffle_64x128E hsaco: /app/aiter-test/hsa//gfx942/fp8gemm_blockscale/fp8gemm_bf16_blockscale_BpreShuffle_64x128.co
[aiter] LoadKernel: _ZN5aiter42fp8gemm_bf16_blockscale_BpreShuffle_80x128E hsaco: /app/aiter-test/hsa//gfx942/fp8gemm_blockscale/fp8gemm_bf16_blockscale_BpreShuffle_80x128.co
[aiter] LoadKernel: _ZN5aiter42fp8gemm_bf16_blockscale_BpreShuffle_96x128E hsaco: /app/aiter-test/hsa//gfx942/fp8gemm_blockscale/fp8gemm_bf16_blockscale_BpreShuffle_96x128.co
[aiter] LoadKernel: _ZN5aiter43fp8gemm_bf16_blockscale_BpreShuffle_128x128E hsaco: /app/aiter-test/hsa//gfx942/fp8gemm_blockscale/fp8gemm_bf16_blockscale_BpreShuffle_128x128.co
[aiter] import [module_deepgemm_opus] under /app/aiter-test/aiter/jit/module_deepgemm_opus.so
[aiter] type hints mismatch, override to --> opus_gemm_a8w8_blockscale_bpreshuffle_tune(XQ: aiter_tensor_t, WQ: aiter_tensor_t, x_scale: Optional[aiter_tensor_t], w_scale: Optional[aiter_tensor_t], Y: aiter_tensor_t, kernelId: int) -> None
/app/aiter-test/aiter/utility/base_tuner.py:485: FutureWarning: The behavior of DataFrame concatenation with empty or all-NA entries is deprecated. In a future version, this will no longer exclude empty or all-NA columns when determining the result dtypes. To retain the old behavior, exclude the relevant entries before the concat operation.
  profiledf = pd.concat([old_df, profiledf], ignore_index=True)
/app/aiter-test/aiter/utility/base_tuner.py:1662: FutureWarning: The behavior of DataFrame concatenation with empty or all-NA entries is deprecated. In a future version, this will no longer exclude empty or all-NA columns when determining the result dtypes. To retain the old behavior, exclude the relevant entries before the concat operation.
  self.success = pd.concat(
/app/aiter-test/aiter/utility/base_tuner.py:1678: FutureWarning: The behavior of DataFrame concatenation with empty or all-NA entries is deprecated. In a future version, this will no longer exclude empty or all-NA columns when determining the result dtypes. To retain the old behavior, exclude the relevant entries before the concat operation.
  resultdf = pd.concat([old_df, update_tunedf], ignore_index=True)
Waiting for 33 tasks to complete (no timeout limit)...
Tuning result for 'gfx': 'gfx942', 'cu_num': 304, 'M': np.int64(8), 'N': np.int64(4096), 'K': np.int64(4096) is kernelId=7 a8w8_blockscale_bpreshuffle_1x128x128_256x16x64x256_16x16_16x16_16x16x1_16x16x1_1x16x1x16_4_1x1_intrawave_v1 splitK=0, 12.411us, err_ratio=0.0, tflops=21.63 TFLOPS, bw=1359.72 GB/s
=== Running post-tune benchmark (verification) for batch 1/1 ===
[aiter] Setting AITER_CONFIG_GEMM_A8W8_BLOCKSCALE_BPRESHUFFLE=/tmp/aiter_compare/GemmA8W8BlockScaleTuner_compare_batch_1_1.csv for benchmark
[aiter] [pid=1 pname=MainProcess] start build [module_gemm_a8w8_blockscale_bpreshuffle] under /app/aiter-test/aiter/jit/build/module_gemm_a8w8_blockscale_bpreshuffle
[aiter] Current hipcc not support: -mllvm -amdgpu-coerce-illegal-types=1, skip it.
[aiter] [pid=1 pname=MainProcess] [32mfinish build [module_gemm_a8w8_blockscale_bpreshuffle], cost 34.5s [0m
[aiter] import [module_gemm_a8w8_blockscale_bpreshuffle] under /app/aiter-test/aiter/jit/module_gemm_a8w8_blockscale_bpreshuffle.so
[aiter] run_config (8, 4096, 4096)[checkAllclose atol=0.01 rtol=0.01 [32mpassed~[0m]
/app/aiter-test/aiter/utility/base_tuner.py:1112: FutureWarning: The behavior of DataFrame concatenation with empty or all-NA entries is deprecated. In a future version, this will no longer exclude empty or all-NA columns when determining the result dtypes. To retain the old behavior, exclude the relevant entries before the concat operation.
  merged = pd.concat([kept_old, improved_rows], ignore_index=True)
[aiter] processed 1 batches of 1, Processing Status ====> 100.0% tuned in GemmA8W8BlockScaleTuner
[aiter] ============= Tuning results Summary: ==============
/app/aiter-test/aiter/utility/base_tuner.py:534: FutureWarning: The behavior of DataFrame concatenation with empty or all-NA entries is deprecated. In a future version, this will no longer exclude empty or all-NA columns when determining the result dtypes. To retain the old behavior, exclude the relevant entries before the concat operation.
  tunedf = pd.concat([self.success, self.failed])
[aiter] Tuning Finished. tune 1 shapes, total tuning time is 219.0523 seconds
[aiter] Successfully tuned shapes:
[aiter] Failed shapes:
Not exist tuned file: /work/experiments/e046_bpreshuffle_tuned.csv
      gfx cu_num  M  ... tflops       bw errRatio
0  gfx942    304  8  ...  21.63  1359.72      0.0

[1 rows x 13 columns]
Empty DataFrame
Columns: [gfx, cu_num, M, N, K, libtype, kernelId, splitK, us, kernelName, tflops, bw, errRatio]
Index: []
============= Tune Performance Comparison =============
Shape                                    |   Pre-E2E(us) |   Post-E2E(us) |  Speedup |   Status
-----------------------------------------------------------------------------------------------
(8, 4096, 4096)                          |         23.87 |          11.73 |    2.04x |       OK
keys: gfx=gfx942, cu_num=304, M=8, N=4096, K=4096
============= Compare Report =============
Total shapes: 1 | Updated: 1 (improved: 1, new: 0) | Skipped: 0
Threshold: >= 3.0% improvement to update /work/experiments/e046_bpreshuffle_tuned.csv

--- Updated (1 shapes) ---
Shape                                    |    Pre(us) |   Post(us) |   Improve |             Action
---------------------------------------------------------------------------------------------------
(8, 4096, 4096)                          |      23.87 |      11.73 |    50.87% |             UPDATE

Compare candidate CSV written to /tmp/aiter_compare/e046_bpreshuffle_tuned.1.candidate.csv
