[aiter] import [module_aiter_core] under /app/aiter-test/aiter/jit/module_aiter_core.so
Not exist tuned file: /work/experiments/e047_bpreshuffle_tuned.csv
      gfx  cu_num   M     N     K
0  gfx942     304  33  4096  4096
Compare candidate CSV will be written to /tmp/aiter_compare/e047_bpreshuffle_tuned.1.candidate.csv
=== Running pre-tune benchmark (batch 1/1) ===
[aiter] merge tuned file under model_configs/ and configs/ /app/aiter-test/aiter/configs/a8w8_blockscale_bpreshuffle_tuned_gemm.csv:/app/aiter-test/aiter/configs/model_configs/a8w8_blockscale_bpreshuffle_tuned_gemm_dsv3.csv:/app/aiter-test/aiter/configs/model_configs/a8w8_blockscale_bpreshuffle_tuned_gemm_qwen3.5_397b.csv:/app/aiter-test/aiter/configs/model_configs/dsv4_a8w8_blockscale_bpreshuffle_tuned_gemm.csv:/app/aiter-test/aiter/configs/model_configs/a8w8_blockscale_bpreshuffle_tuned_gemm_mm2.5.csv:/app/aiter-test/aiter/configs/model_configs/glm5_a8w8_blockscale_bpreshuffle_tuned_gemm.csv:/app/aiter-test/aiter/configs/model_configs/a8w8_blockscale_bpreshuffle_tuned_gemm_glm5.2.csv:/app/aiter-test/aiter/configs/model_configs/a8w8_blockscale_bpreshuffle_tuned_gemm_qwen3_235b.csv
[aiter] shape is M:33, N:4096, K:4096, not found tuned config in /tmp/aiter_configs/a8w8_blockscale_bpreshuffle_tuned_gemm.csv, will use default config!
[aiter] import [module_gemm_a8w8_blockscale_bpreshuffle] under /app/aiter-test/aiter/jit/module_gemm_a8w8_blockscale_bpreshuffle.so
/opt/venv/lib/python3.12/site-packages/torch/profiler/profiler.py:217: UserWarning: Warning: Profiler clears events at the end of each cycle.Only events from the current cycle will be reported.To keep events across cycles, set acc_events=True.
  _warn_once(
[W803 11:58:11.421133019 collection.cpp:1148] Warning: ROCTracer produced duplicate flow start: 15 (function operator())
[aiter] run_config (33, 4096, 4096)[checkAllclose atol=0.01 rtol=0.01 [32mpassed~[0m]
[Task Grouping] Grouped 33 tasks into 1 groups by info_keys
Distributing 1 task groups across 8 GPUs
[aiter] import [module_aiter_core] under /app/aiter-test/aiter/jit/module_aiter_core.so
[aiter] import [module_aiter_core] under /app/aiter-test/aiter/jit/module_aiter_core.so
[aiter] import [module_aiter_core] under /app/aiter-test/aiter/jit/module_aiter_core.so
[aiter] import [module_aiter_core] under /app/aiter-test/aiter/jit/module_aiter_core.so
[aiter] import [module_aiter_core] under /app/aiter-test/aiter/jit/module_aiter_core.so
[aiter] import [module_aiter_core] under /app/aiter-test/aiter/jit/module_aiter_core.so
[aiter] import [module_aiter_core] under /app/aiter-test/aiter/jit/module_aiter_core.so
[aiter] import [module_aiter_core] under /app/aiter-test/aiter/jit/module_aiter_core.so
[aiter] [pid=115 pname=SpawnPoolWorker-7] start build [module_gemm_a8w8_blockscale_bpreshuffle_tune] under /app/aiter-test/aiter/jit/build/module_gemm_a8w8_blockscale_bpreshuffle_tune
[aiter] Current hipcc not support: -mllvm -amdgpu-coerce-illegal-types=1, skip it.
[aiter] [pid=115 pname=SpawnPoolWorker-7] [32mfinish build [module_gemm_a8w8_blockscale_bpreshuffle_tune], cost 46.0s [0m
[aiter] import [module_gemm_a8w8_blockscale_bpreshuffle_tune] under /app/aiter-test/aiter/jit/module_gemm_a8w8_blockscale_bpreshuffle_tune.so
/opt/venv/lib/python3.12/site-packages/torch/profiler/profiler.py:217: UserWarning: Warning: Profiler clears events at the end of each cycle.Only events from the current cycle will be reported.To keep events across cycles, set acc_events=True.
  _warn_once(
[W803 11:59:07.316565319 collection.cpp:1148] Warning: ROCTracer produced duplicate flow start: 15 (function operator())
[aiter] [pid=115 pname=SpawnPoolWorker-7] start build [module_gemm_a8w8_blockscale_bpreshuffle_cktile_tune] under /app/aiter-test/aiter/jit/build/module_gemm_a8w8_blockscale_bpreshuffle_cktile_tune
[aiter] 
============================================================
Tuning Summary:
  Total tasks: 1
  Successful: 0
  Failed: 1
    - Timeouts (GPU hang): 1
    - Crashes (memory fault): 0
============================================================
[aiter] error: no valid candidate found for ('gfx942', 304, np.int64(33), np.int64(4096), np.int64(4096)), please check the result or errRatio in all result file running with --profile_file
[aiter] No kernel can be used for ('gfx942', 304, np.int64(33), np.int64(4096), np.int64(4096))
/app/aiter-test/aiter/utility/base_tuner.py:1652: FutureWarning: The behavior of DataFrame concatenation with empty or all-NA entries is deprecated. In a future version, this will no longer exclude empty or all-NA columns when determining the result dtypes. To retain the old behavior, exclude the relevant entries before the concat operation.
  self.failed = pd.concat(
Waiting for 1 tasks to complete (timeout=120s each)...
[!] Task 0 timed out after 120.0s (limit: 120s) - likely GPU hang or infinite loop
choose 0 kernels
=== Running post-tune benchmark (verification) for batch 1/1 ===
[aiter] Setting AITER_CONFIG_GEMM_A8W8_BLOCKSCALE_BPRESHUFFLE=/tmp/aiter_compare/GemmA8W8BlockScaleTuner_compare_batch_1_1.csv for benchmark
[aiter] shape is M:33, N:4096, K:4096, not found tuned config in /tmp/aiter_compare/GemmA8W8BlockScaleTuner_compare_batch_1_1.csv, will use default config!
[aiter] [pid=1 pname=MainProcess] start build [module_gemm_a8w8_blockscale_bpreshuffle] under /app/aiter-test/aiter/jit/build/module_gemm_a8w8_blockscale_bpreshuffle
[aiter] Current hipcc not support: -mllvm -amdgpu-coerce-illegal-types=1, skip it.
[aiter] [pid=1 pname=MainProcess] [32mfinish build [module_gemm_a8w8_blockscale_bpreshuffle], cost 43.1s [0m
[aiter] import [module_gemm_a8w8_blockscale_bpreshuffle] under /app/aiter-test/aiter/jit/module_gemm_a8w8_blockscale_bpreshuffle.so
[aiter] run_config (33, 4096, 4096)[checkAllclose atol=0.01 rtol=0.01 [32mpassed~[0m]
[aiter] processed 1 batches of 1, Processing Status ====> 100.0% tuned in GemmA8W8BlockScaleTuner
[aiter] ============= Tuning results Summary: ==============
/app/aiter-test/aiter/utility/base_tuner.py:534: FutureWarning: The behavior of DataFrame concatenation with empty or all-NA entries is deprecated. In a future version, this will no longer exclude empty or all-NA columns when determining the result dtypes. To retain the old behavior, exclude the relevant entries before the concat operation.
  tunedf = pd.concat([self.success, self.failed])
[aiter] Tuning Finished. tune 1 shapes, total tuning time is 172.1106 seconds
[aiter] Successfully tuned shapes:
[aiter] Failed shapes:
Not exist tuned file: /work/experiments/e047_bpreshuffle_tuned.csv
      gfx cu_num   M     N     K  ...  us kernelName tflops bw errRatio
0  gfx942    304  33  4096  4096  ...  -1       None      0  0      1.0

[1 rows x 13 columns]
[aiter] [91m[Tuning not Finished][0m some shapes are not tuned or all failed, please check the result file or tune with --profile_file to get more details
============= Tune Performance Comparison =============
Shape                                    |   Pre-E2E(us) |   Post-E2E(us) |  Speedup |   Status
-----------------------------------------------------------------------------------------------
(33, 4096, 4096)                         |         25.89 |          26.80 |    0.97x |       OK
keys: gfx=gfx942, cu_num=304, M=33, N=4096, K=4096
============= Compare Report =============
Total shapes: 1 | Updated: 0 (improved: 0, new: 0) | Skipped: 1
Threshold: >= 1.0% improvement to update /work/experiments/e047_bpreshuffle_tuned.csv

--- Skipped (1 shapes) ---
Shape                                    |    Pre(us) |   Post(us) |   Improve |             Reason
---------------------------------------------------------------------------------------------------
(33, 4096, 4096)                         |      25.89 |      26.80 |    -3.53% |     < 1.0% improve
Compare candidate CSV written to /tmp/aiter_compare/e047_bpreshuffle_tuned.1.candidate.csv
