[aiter] import [module_aiter_core] under /app/aiter-test/aiter/jit/module_aiter_core.so
Not exist tuned file: /work/experiments/e135_bpreshuffle_tuned.csv
      gfx  cu_num   M     N     K
0  gfx942     304  37  1536  4096
1  gfx942     304  37  4096  4096
2  gfx942     304  37  8192  1024
Compare candidate CSV will be written to /tmp/aiter_compare/e135_bpreshuffle_tuned.1.candidate.csv
=== Running pre-tune benchmark (batch 1/1) ===
[aiter] merge tuned file under model_configs/ and configs/ /app/aiter-test/aiter/configs/a8w8_blockscale_bpreshuffle_tuned_gemm.csv:/app/aiter-test/aiter/configs/model_configs/a8w8_blockscale_bpreshuffle_tuned_gemm_dsv3.csv:/app/aiter-test/aiter/configs/model_configs/a8w8_blockscale_bpreshuffle_tuned_gemm_qwen3.5_397b.csv:/app/aiter-test/aiter/configs/model_configs/dsv4_a8w8_blockscale_bpreshuffle_tuned_gemm.csv:/app/aiter-test/aiter/configs/model_configs/a8w8_blockscale_bpreshuffle_tuned_gemm_mm2.5.csv:/app/aiter-test/aiter/configs/model_configs/glm5_a8w8_blockscale_bpreshuffle_tuned_gemm.csv:/app/aiter-test/aiter/configs/model_configs/a8w8_blockscale_bpreshuffle_tuned_gemm_glm5.2.csv:/app/aiter-test/aiter/configs/model_configs/a8w8_blockscale_bpreshuffle_tuned_gemm_qwen3_235b.csv
[aiter] shape is M:37, N:1536, K:4096, not found tuned config in /tmp/aiter_configs/a8w8_blockscale_bpreshuffle_tuned_gemm.csv, will use default config!
[aiter] import [module_gemm_a8w8_blockscale_bpreshuffle] under /app/aiter-test/aiter/jit/module_gemm_a8w8_blockscale_bpreshuffle.so
/opt/venv/lib/python3.12/site-packages/torch/profiler/profiler.py:217: UserWarning: Warning: Profiler clears events at the end of each cycle.Only events from the current cycle will be reported.To keep events across cycles, set acc_events=True.
  _warn_once(
[W804 02:36:54.940046055 collection.cpp:1148] Warning: ROCTracer produced duplicate flow start: 15 (function operator())
[aiter] run_config (37, 1536, 4096)[checkAllclose atol=0.01 rtol=0.01 [32mpassed~[0m]
[aiter] shape is M:37, N:4096, K:4096, not found tuned config in /tmp/aiter_configs/a8w8_blockscale_bpreshuffle_tuned_gemm.csv, will use default config!
[aiter] run_config (37, 4096, 4096)[checkAllclose atol=0.01 rtol=0.01 [32mpassed~[0m]
[aiter] shape is M:37, N:8192, K:1024, not found tuned config in /tmp/aiter_configs/a8w8_blockscale_bpreshuffle_tuned_gemm.csv, will use default config!
[aiter] run_config (37, 8192, 1024)[checkAllclose atol=0.01 rtol=0.01 [32mpassed~[0m]
[Task Grouping] Grouped 18 tasks into 3 groups by info_keys
Distributing 3 task groups across 8 GPUs
[aiter] import [module_aiter_core] under /app/aiter-test/aiter/jit/module_aiter_core.so
[aiter] import [module_aiter_core] under /app/aiter-test/aiter/jit/module_aiter_core.so
[aiter] import [module_aiter_core] under /app/aiter-test/aiter/jit/module_aiter_core.so
[aiter] import [module_aiter_core] under /app/aiter-test/aiter/jit/module_aiter_core.so
[aiter] import [module_aiter_core] under /app/aiter-test/aiter/jit/module_aiter_core.so
[aiter] import [module_aiter_core] under /app/aiter-test/aiter/jit/module_aiter_core.so
[aiter] import [module_aiter_core] under /app/aiter-test/aiter/jit/module_aiter_core.so
[aiter] import [module_aiter_core] under /app/aiter-test/aiter/jit/module_aiter_core.so
[aiter] LoadKernel: _ZN5aiter42fp8gemm_bf16_blockscale_BpreShuffle_32x128E hsaco: /app/aiter-test/hsa//gfx942/fp8gemm_blockscale/fp8gemm_bf16_blockscale_BpreShuffle_32x128.co
/opt/venv/lib/python3.12/site-packages/torch/profiler/profiler.py:217: UserWarning: Warning: Profiler clears events at the end of each cycle.Only events from the current cycle will be reported.To keep events across cycles, set acc_events=True.
  _warn_once(
[W804 02:37:04.963679835 collection.cpp:1148] Warning: ROCTracer produced duplicate flow start: 3 (function operator())
[aiter] LoadKernel: _ZN5aiter42fp8gemm_bf16_blockscale_BpreShuffle_32x128E hsaco: /app/aiter-test/hsa//gfx942/fp8gemm_blockscale/fp8gemm_bf16_blockscale_BpreShuffle_32x128.co
[aiter] LoadKernel: _ZN5aiter42fp8gemm_bf16_blockscale_BpreShuffle_48x128E hsaco: /app/aiter-test/hsa//gfx942/fp8gemm_blockscale/fp8gemm_bf16_blockscale_BpreShuffle_48x128.co
/opt/venv/lib/python3.12/site-packages/torch/profiler/profiler.py:217: UserWarning: Warning: Profiler clears events at the end of each cycle.Only events from the current cycle will be reported.To keep events across cycles, set acc_events=True.
  _warn_once(
[W804 02:37:04.042822337 collection.cpp:1148] Warning: ROCTracer produced duplicate flow start: 3 (function operator())
[aiter] LoadKernel: _ZN5aiter42fp8gemm_bf16_blockscale_BpreShuffle_64x128E hsaco: /app/aiter-test/hsa//gfx942/fp8gemm_blockscale/fp8gemm_bf16_blockscale_BpreShuffle_64x128.co
[aiter] LoadKernel: _ZN5aiter42fp8gemm_bf16_blockscale_BpreShuffle_32x128E hsaco: /app/aiter-test/hsa//gfx942/fp8gemm_blockscale/fp8gemm_bf16_blockscale_BpreShuffle_32x128.co
/opt/venv/lib/python3.12/site-packages/torch/profiler/profiler.py:217: UserWarning: Warning: Profiler clears events at the end of each cycle.Only events from the current cycle will be reported.To keep events across cycles, set acc_events=True.
  _warn_once(
[W804 02:37:04.060551465 collection.cpp:1148] Warning: ROCTracer produced duplicate flow start: 3 (function operator())
[aiter] LoadKernel: _ZN5aiter42fp8gemm_bf16_blockscale_BpreShuffle_80x128E hsaco: /app/aiter-test/hsa//gfx942/fp8gemm_blockscale/fp8gemm_bf16_blockscale_BpreShuffle_80x128.co
[aiter] LoadKernel: _ZN5aiter42fp8gemm_bf16_blockscale_BpreShuffle_96x128E hsaco: /app/aiter-test/hsa//gfx942/fp8gemm_blockscale/fp8gemm_bf16_blockscale_BpreShuffle_96x128.co
[aiter] LoadKernel: _ZN5aiter43fp8gemm_bf16_blockscale_BpreShuffle_128x128E hsaco: /app/aiter-test/hsa//gfx942/fp8gemm_blockscale/fp8gemm_bf16_blockscale_BpreShuffle_128x128.co
[aiter] LoadKernel: _ZN5aiter42fp8gemm_bf16_blockscale_BpreShuffle_48x128E hsaco: /app/aiter-test/hsa//gfx942/fp8gemm_blockscale/fp8gemm_bf16_blockscale_BpreShuffle_48x128.co
[aiter] LoadKernel: _ZN5aiter42fp8gemm_bf16_blockscale_BpreShuffle_64x128E hsaco: /app/aiter-test/hsa//gfx942/fp8gemm_blockscale/fp8gemm_bf16_blockscale_BpreShuffle_64x128.co
[aiter] LoadKernel: _ZN5aiter42fp8gemm_bf16_blockscale_BpreShuffle_48x128E hsaco: /app/aiter-test/hsa//gfx942/fp8gemm_blockscale/fp8gemm_bf16_blockscale_BpreShuffle_48x128.co
[aiter] LoadKernel: _ZN5aiter42fp8gemm_bf16_blockscale_BpreShuffle_80x128E hsaco: /app/aiter-test/hsa//gfx942/fp8gemm_blockscale/fp8gemm_bf16_blockscale_BpreShuffle_80x128.co
[aiter] LoadKernel: _ZN5aiter42fp8gemm_bf16_blockscale_BpreShuffle_64x128E hsaco: /app/aiter-test/hsa//gfx942/fp8gemm_blockscale/fp8gemm_bf16_blockscale_BpreShuffle_64x128.co
[aiter] LoadKernel: _ZN5aiter42fp8gemm_bf16_blockscale_BpreShuffle_96x128E hsaco: /app/aiter-test/hsa//gfx942/fp8gemm_blockscale/fp8gemm_bf16_blockscale_BpreShuffle_96x128.co
[aiter] LoadKernel: _ZN5aiter42fp8gemm_bf16_blockscale_BpreShuffle_80x128E hsaco: /app/aiter-test/hsa//gfx942/fp8gemm_blockscale/fp8gemm_bf16_blockscale_BpreShuffle_80x128.co
[aiter] LoadKernel: _ZN5aiter43fp8gemm_bf16_blockscale_BpreShuffle_128x128E hsaco: /app/aiter-test/hsa//gfx942/fp8gemm_blockscale/fp8gemm_bf16_blockscale_BpreShuffle_128x128.co
[aiter] LoadKernel: _ZN5aiter42fp8gemm_bf16_blockscale_BpreShuffle_96x128E hsaco: /app/aiter-test/hsa//gfx942/fp8gemm_blockscale/fp8gemm_bf16_blockscale_BpreShuffle_96x128.co
[aiter] LoadKernel: _ZN5aiter43fp8gemm_bf16_blockscale_BpreShuffle_128x128E hsaco: /app/aiter-test/hsa//gfx942/fp8gemm_blockscale/fp8gemm_bf16_blockscale_BpreShuffle_128x128.co
/app/aiter-test/aiter/utility/base_tuner.py:485: FutureWarning: The behavior of DataFrame concatenation with empty or all-NA entries is deprecated. In a future version, this will no longer exclude empty or all-NA columns when determining the result dtypes. To retain the old behavior, exclude the relevant entries before the concat operation.
  profiledf = pd.concat([old_df, profiledf], ignore_index=True)
/app/aiter-test/aiter/utility/base_tuner.py:1662: FutureWarning: The behavior of DataFrame concatenation with empty or all-NA entries is deprecated. In a future version, this will no longer exclude empty or all-NA columns when determining the result dtypes. To retain the old behavior, exclude the relevant entries before the concat operation.
  self.success = pd.concat(
/app/aiter-test/aiter/utility/base_tuner.py:442: FutureWarning: The behavior of DataFrame concatenation with empty or all-NA entries is deprecated. In a future version, this will no longer exclude empty or all-NA columns when determining the result dtypes. To retain the old behavior, exclude the relevant entries before the concat operation.
  df_old = pd.concat([df_old, unmatched_rows], ignore_index=True)
Waiting for 3 tasks to complete (no timeout limit)...
=== Running post-tune benchmark (verification) for batch 1/1 ===
[aiter] Setting AITER_CONFIG_GEMM_A8W8_BLOCKSCALE_BPRESHUFFLE=/tmp/aiter_compare/GemmA8W8BlockScaleTuner_compare_batch_1_1.csv for benchmark
[aiter] LoadKernel: _ZN5aiter42fp8gemm_bf16_blockscale_BpreShuffle_48x128E hsaco: /app/aiter-test/hsa//gfx942/fp8gemm_blockscale/fp8gemm_bf16_blockscale_BpreShuffle_48x128.co
[aiter] run_config (37, 1536, 4096)[checkAllclose atol=0.01 rtol=0.01 [32mpassed~[0m]
[aiter] LoadKernel: _ZN5aiter42fp8gemm_bf16_blockscale_BpreShuffle_32x128E hsaco: /app/aiter-test/hsa//gfx942/fp8gemm_blockscale/fp8gemm_bf16_blockscale_BpreShuffle_32x128.co
[aiter] run_config (37, 4096, 4096)[checkAllclose atol=0.01 rtol=0.01 [32mpassed~[0m]
[aiter] run_config (37, 8192, 1024)[checkAllclose atol=0.01 rtol=0.01 [32mpassed~[0m]
/app/aiter-test/aiter/utility/base_tuner.py:1112: FutureWarning: The behavior of DataFrame concatenation with empty or all-NA entries is deprecated. In a future version, this will no longer exclude empty or all-NA columns when determining the result dtypes. To retain the old behavior, exclude the relevant entries before the concat operation.
  merged = pd.concat([kept_old, improved_rows], ignore_index=True)
[aiter] processed 1 batches of 1, Processing Status ====> 100.0% tuned in GemmA8W8BlockScaleTuner
[aiter] ============= Tuning results Summary: ==============
/app/aiter-test/aiter/utility/base_tuner.py:534: FutureWarning: The behavior of DataFrame concatenation with empty or all-NA entries is deprecated. In a future version, this will no longer exclude empty or all-NA columns when determining the result dtypes. To retain the old behavior, exclude the relevant entries before the concat operation.
  tunedf = pd.concat([self.success, self.failed])
[aiter] Tuning Finished. tune 3 shapes, total tuning time is 11.0139 seconds
[aiter] Successfully tuned shapes:
Not exist tuned file: /work/experiments/e135_bpreshuffle_tuned.csv
      gfx cu_num   M  ... tflops       bw errRatio
0  gfx942    304  37  ...  35.69   502.62      0.0
1  gfx942    304  37  ...  72.15  1001.45      0.0
2  gfx942    304  37  ...  98.90  1439.11      0.0

[3 rows x 13 columns]
[aiter] Failed shapes:
Empty DataFrame
Columns: [gfx, cu_num, M, N, K, libtype, kernelId, splitK, us, kernelName, tflops, bw, errRatio]
Index: []
============= Tune Performance Comparison =============
Shape                                    |   Pre-E2E(us) |   Post-E2E(us) |  Speedup |   Status
-----------------------------------------------------------------------------------------------
(37, 1536, 4096)                         |         20.84 |          13.68 |    1.52x |       OK
keys: gfx=gfx942, cu_num=304, M=37, N=1536, K=4096
(37, 4096, 4096)                         |         25.14 |          17.21 |    1.46x |       OK
keys: gfx=gfx942, cu_num=304, M=37, N=4096, K=4096
(37, 8192, 1024)                         |          8.68 |           6.91 |    1.26x |       OK
keys: gfx=gfx942, cu_num=304, M=37, N=8192, K=1024
============= Compare Report =============
Total shapes: 3 | Updated: 3 (improved: 3, new: 0) | Skipped: 0
Threshold: >= 1.0% improvement to update /work/experiments/e135_bpreshuffle_tuned.csv

--- Updated (3 shapes) ---
Shape                                    |    Pre(us) |   Post(us) |   Improve |             Action
---------------------------------------------------------------------------------------------------
(37, 1536, 4096)                         |      20.84 |      13.68 |    34.32% |             UPDATE
(37, 4096, 4096)                         |      25.14 |      17.21 |    31.52% |             UPDATE
(37, 8192, 1024)                         |       8.68 |       6.91 |    20.37% |             UPDATE

Compare candidate CSV written to /tmp/aiter_compare/e135_bpreshuffle_tuned.1.candidate.csv
