[aiter] import [module_aiter_core] under /app/aiter-test/aiter/jit/module_aiter_core.so
[aiter] Setting AITER_CONFIG_GEMM_A8W8_BLOCKSCALE_BPRESHUFFLE=/work/experiments/e137_bpreshuffle_tuned.csv for benchmark
      gfx  cu_num   M  ...  tflops       bw errRatio
0  gfx942     304  70  ...   65.41   504.47      0.0
1  gfx942     304  70  ...  132.55  1027.72      0.0
2  gfx942     304  70  ...  136.14  1022.25      0.0
3  gfx942     304  70  ...  167.55  1370.61      0.0

[4 rows x 13 columns]
=== Running production operator benchmark (tuned) ===
[aiter] LoadKernel: _ZN5aiter42fp8gemm_bf16_blockscale_BpreShuffle_48x128E hsaco: /app/aiter-test/hsa//gfx942/fp8gemm_blockscale/fp8gemm_bf16_blockscale_BpreShuffle_48x128.co
/opt/venv/lib/python3.12/site-packages/torch/profiler/profiler.py:217: UserWarning: Warning: Profiler clears events at the end of each cycle.Only events from the current cycle will be reported.To keep events across cycles, set acc_events=True.
  _warn_once(
[W804 02:45:24.971356257 collection.cpp:1148] Warning: ROCTracer produced duplicate flow start: 3 (function operator())
[aiter] run_config (70, 1536, 4096)[checkAllclose atol=0.01 rtol=0.01 [32mpassed~[0m]
[aiter] LoadKernel: _ZN5aiter42fp8gemm_bf16_blockscale_BpreShuffle_32x128E hsaco: /app/aiter-test/hsa//gfx942/fp8gemm_blockscale/fp8gemm_bf16_blockscale_BpreShuffle_32x128.co
[aiter] run_config (70, 4096, 2048)[checkAllclose atol=0.01 rtol=0.01 [32mpassed~[0m]
[aiter] run_config (70, 4096, 4096)[checkAllclose atol=0.01 rtol=0.01 [32mpassed~[0m]
[aiter] run_config (70, 8192, 1024)[checkAllclose atol=0.01 rtol=0.01 [32mpassed~[0m]
============= Benchmark (tuned) Benchmark Results =============
Shape                                    |    E2E(us) |   Status
----------------------------------------------------------------
(70, 1536, 4096)                         |      18.13 |       OK
keys: gfx=gfx942, cu_num=304, M=70, N=1536, K=4096
(70, 4096, 2048)                         |      10.41 |       OK
keys: gfx=gfx942, cu_num=304, M=70, N=4096, K=2048
(70, 4096, 4096)                         |      17.25 |       OK
keys: gfx=gfx942, cu_num=304, M=70, N=4096, K=4096
(70, 8192, 1024)                         |       7.90 |       OK
keys: gfx=gfx942, cu_num=304, M=70, N=8192, K=1024
