[aiter] import [module_aiter_core] under /app/aiter-test/aiter/jit/module_aiter_core.so
[aiter] Setting AITER_CONFIG_GEMM_A8W8_BLOCKSCALE_BPRESHUFFLE=/work/experiments/e139_bpreshuffle_tuned.csv for benchmark
      gfx  cu_num    M  ...  tflops       bw errRatio
0  gfx942     304  210  ...  182.61   538.80      0.0
1  gfx942     304  210  ...  335.75  1004.32      0.0
2  gfx942     304  210  ...  388.40  1067.00      0.0
3  gfx942     304  210  ...  361.02  1234.17      0.0

[4 rows x 13 columns]
=== Running production operator benchmark (tuned) ===
[aiter] LoadKernel: _ZN5aiter42fp8gemm_bf16_blockscale_BpreShuffle_48x128E hsaco: /app/aiter-test/hsa//gfx942/fp8gemm_blockscale/fp8gemm_bf16_blockscale_BpreShuffle_48x128.co
/opt/venv/lib/python3.12/site-packages/torch/profiler/profiler.py:217: UserWarning: Warning: Profiler clears events at the end of each cycle.Only events from the current cycle will be reported.To keep events across cycles, set acc_events=True.
  _warn_once(
[W804 02:55:39.746618874 collection.cpp:1148] Warning: ROCTracer produced duplicate flow start: 3 (function operator())
[aiter] run_config (210, 1536, 4096)[checkAllclose atol=0.01 rtol=0.01 [32mpassed~[0m]
[aiter] run_config (210, 4096, 2048)[checkAllclose atol=0.01 rtol=0.01 [32mpassed~[0m]
[aiter] LoadKernel: _ZN5aiter42fp8gemm_bf16_blockscale_BpreShuffle_32x128E hsaco: /app/aiter-test/hsa//gfx942/fp8gemm_blockscale/fp8gemm_bf16_blockscale_BpreShuffle_32x128.co
[aiter] run_config (210, 4096, 4096)[checkAllclose atol=0.01 rtol=0.01 [32mpassed~[0m]
[aiter] LoadKernel: _ZN5aiter42fp8gemm_bf16_blockscale_BpreShuffle_64x128E hsaco: /app/aiter-test/hsa//gfx942/fp8gemm_blockscale/fp8gemm_bf16_blockscale_BpreShuffle_64x128.co
[aiter] run_config (210, 8192, 1024)[checkAllclose atol=0.01 rtol=0.01 [32mpassed~[0m]
============= Benchmark (tuned) Benchmark Results =============
Shape                                    |    E2E(us) |   Status
----------------------------------------------------------------
(210, 1536, 4096)                        |      18.49 |       OK
keys: gfx=gfx942, cu_num=304, M=210, N=1536, K=4096
(210, 4096, 2048)                        |      12.08 |       OK
keys: gfx=gfx942, cu_num=304, M=210, N=4096, K=2048
(210, 4096, 4096)                        |      18.46 |       OK
keys: gfx=gfx942, cu_num=304, M=210, N=4096, K=4096
(210, 8192, 1024)                        |      10.17 |       OK
keys: gfx=gfx942, cu_num=304, M=210, N=8192, K=1024
